
Map of Debug\kodovy_zamek.sm8 from link file Debug\kodovy_zamek.lkf - Tue Jun  3 19:32:22 2025


                               --------
                               Segments
                               --------

start 00008080 end 000081bb length   315 segment .const
start 000081c5 end 0000a149 length  8068 segment .text
start 00004000 end 00004000 length     0 segment .eeprom
start 00000000 end 00000002 length     2 segment .bsct, initialized
start 000081c3 end 000081c5 length     2 segment .bsct, from
start 00000002 end 00000010 length    14 segment .ubsct
start 00000010 end 00000010 length     0 segment .bit
start 00000010 end 00000010 length     0 segment .share
start 00000100 end 00000100 length     0 segment .data
start 00000100 end 00000100 length     0 segment .bss
start 00000000 end 000012eb length  4843 segment .info.
start 00000000 end 000174db length 95451 segment .debug
start 00008000 end 00008080 length   128 segment .const
start 000081bb end 000081c3 length     8 segment .init


                               -------
                               Modules
                               -------

C:\Program Files (x86)\COSMIC\FSE_Compilers\CXSTM8\lib\crtsi0.sm8:
start 000081c5 end 00008215 length    80 section .text
start 00000100 end 00000100 length     0 section .bss
start 00000002 end 00000002 length     0 section .ubsct
start 00000000 end 00000033 length    51 section .info.

Debug\milis.o:
start 00008215 end 00008290 length   123 section .text
start 00000000 end 00000002 length     2 section .bsct
start 00000000 end 000001ee length   494 section .debug
start 00000033 end 000000af length   124 section .info.

Debug\spse_stm8.o:
start ******** end ******** length     0 section .text *** removed ***
start 000001ee end 00000660 length  1138 section .debug
start 000000af end 0000012f length   128 section .info.

Debug\stm8s_adc2.o:
start ******** end ******** length     0 section .text *** removed ***
start 00000660 end 0000157d length  3869 section .debug
start 0000012f end 000001b0 length   129 section .info.
start ******** end ******** length     0 section .const *** removed ***

Debug\stm8s_awu.o:
start ******** end ******** length     0 section .text *** removed ***
start 0000157d end 00001b3c length  1471 section .debug
start 000001b0 end 00000230 length   128 section .info.
start ******** end ******** length     0 section .const *** removed ***

Debug\stm8s_beep.o:
start ******** end ******** length     0 section .text *** removed ***
start 00001b3c end 00001e17 length   731 section .debug
start 00000230 end 000002b1 length   129 section .info.
start ******** end ******** length     0 section .const *** removed ***

Debug\stm8s_can.o:
start ******** end ******** length     0 section .text *** removed ***
start ******** end ******** length     0 section .bsct *** removed ***
start 00001e17 end 0000456c length 10069 section .debug
start 000002b1 end 00000331 length   128 section .info.
start ******** end ******** length     0 section .const *** removed ***

Debug\stm8s_clk.o:
start 00008290 end 00008996 length  1798 section .text
start 0000456c end 00005bdb length  5743 section .debug
start 00000331 end 000003b1 length   128 section .info.
start 00008080 end 000080a9 length    41 section .const

Debug\stm8s_exti.o:
start ******** end ******** length     0 section .text *** removed ***
start 00005bdb end 0000606a length  1167 section .debug
start 000003b1 end 00000432 length   129 section .info.
start ******** end ******** length     0 section .const *** removed ***

Debug\stm8s_flash.o:
start 00008996 end 00008fce length  1592 section .text
start 0000606a end 00006e9a length  3632 section .debug
start 00000432 end 000004b4 length   130 section .info.
start 000080a9 end 000080d8 length    47 section .const

Debug\stm8s_gpio.o:
start 00008fce end 0000912a length   348 section .text
start 00006e9a end 000078a4 length  2570 section .debug
start 000004b4 end 00000535 length   129 section .info.
start 000080d8 end 000080f6 length    30 section .const

Debug\stm8s_i2c.o:
start ******** end ******** length     0 section .text *** removed ***
start 000078a4 end 00008e45 length  5537 section .debug
start 00000535 end 000005b5 length   128 section .info.
start ******** end ******** length     0 section .const *** removed ***

Debug\stm8s_it.o:
start 0000912a end 00009144 length    26 section .text
start 00008e45 end 000095d2 length  1933 section .debug
start 000005b5 end 00000634 length   127 section .info.

Debug\stm8s_itc.o:
start 00009144 end 0000930d length   457 section .text
start 000095d2 end 00009c59 length  1671 section .debug
start 00000634 end 000006b4 length   128 section .info.
start 000080f6 end 00008177 length   129 section .const

Debug\stm8s_iwdg.o:
start ******** end ******** length     0 section .text *** removed ***
start 00009c59 end 00009ffb length   930 section .debug
start 000006b4 end 00000735 length   129 section .info.
start ******** end ******** length     0 section .const *** removed ***

Debug\stm8s_rst.o:
start ******** end ******** length     0 section .text *** removed ***
start 00009ffb end 0000a22a length   559 section .debug
start 00000735 end 000007b5 length   128 section .info.
start ******** end ******** length     0 section .const *** removed ***

Debug\stm8s_spi.o:
start ******** end ******** length     0 section .text *** removed ***
start 0000a22a end 0000b166 length  3900 section .debug
start 000007b5 end 00000835 length   128 section .info.
start ******** end ******** length     0 section .const *** removed ***

Debug\stm8s_tim1.o:
start ******** end ******** length     0 section .text *** removed ***
start 0000b166 end 0000f0f0 length 16266 section .debug
start 00000835 end 000008b6 length   129 section .info.
start ******** end ******** length     0 section .const *** removed ***

Debug\stm8s_tim2.o:
start ******** end ******** length     0 section .text *** removed ***
start 0000f0f0 end 00011404 length  8980 section .debug
start 000008b6 end 00000937 length   129 section .info.
start ******** end ******** length     0 section .const *** removed ***

Debug\stm8s_tim3.o:
start ******** end ******** length     0 section .text *** removed ***
start 00011404 end 0001321e length  7706 section .debug
start 00000937 end 000009b8 length   129 section .info.
start ******** end ******** length     0 section .const *** removed ***

Debug\stm8s_tim4.o:
start 0000930d end 000095d4 length   711 section .text
start 0001321e end 00013dd5 length  2999 section .debug
start 000009b8 end 00000a39 length   129 section .info.
start 00008177 end 00008195 length    30 section .const

Debug\stm8s_uart1.o:
start ******** end ******** length     0 section .text *** removed ***
start 00013dd5 end 000151c1 length  5100 section .debug
start 00000a39 end 00000abb length   130 section .info.
start ******** end ******** length     0 section .const *** removed ***

Debug\stm8s_uart3.o:
start ******** end ******** length     0 section .text *** removed ***
start 000151c1 end 000162ed length  4396 section .debug
start 00000abb end 00000b3d length   130 section .info.
start ******** end ******** length     0 section .const *** removed ***

Debug\stm8s_wwdg.o:
start ******** end ******** length     0 section .text *** removed ***
start 000162ed end 00016533 length   582 section .debug
start 00000b3d end 00000bbe length   129 section .info.
start ******** end ******** length     0 section .const *** removed ***

Debug\swspi.o:
start ******** end ******** length     0 section .text *** removed ***
start 00016533 end 0001665d length   298 section .debug
start 00000bbe end 00000c3a length   124 section .info.

Debug\main.o:
start 000095d4 end 00009ec4 length  2288 section .text
start 00000002 end 00000006 length     4 section .ubsct
start 0001665d end 000173b5 length  3416 section .debug
start 00000c3a end 00000cb5 length   123 section .info.
start 00008195 end 000081bb length    38 section .const

(C:\Program Files (x86)\COSMIC\FSE_Compilers\CXSTM8\lib\libm0.sm8)bmulx.o:
start 00009ec4 end 00009ed2 length    14 section .text
start 00000cb5 end 00000ce4 length    47 section .info.

(C:\Program Files (x86)\COSMIC\FSE_Compilers\CXSTM8\lib\libm0.sm8)cmulx.o:
start 00009ed2 end 00009ee6 length    20 section .text
start 00000ce4 end 00000d13 length    47 section .info.

(C:\Program Files (x86)\COSMIC\FSE_Compilers\CXSTM8\lib\libm0.sm8)imul.o:
start ******** end ******** length     0 section .text *** removed ***
start 00000d13 end 00000d41 length    46 section .info.

(C:\Program Files (x86)\COSMIC\FSE_Compilers\CXSTM8\lib\libm0.sm8)ladd.o:
start 00009ee6 end 00009efe length    24 section .text
start 00000d41 end 00000d6f length    46 section .info.

(C:\Program Files (x86)\COSMIC\FSE_Compilers\CXSTM8\lib\libm0.sm8)lcmp.o:
start 00009efe end 00009f1e length    32 section .text
start 00000d6f end 00000d9d length    46 section .info.

(C:\Program Files (x86)\COSMIC\FSE_Compilers\CXSTM8\lib\libm0.sm8)lsdiv.o:
start 00009f1e end 00009f3d length    31 section .text
start 00000d9d end 00000dcc length    47 section .info.

(C:\Program Files (x86)\COSMIC\FSE_Compilers\CXSTM8\lib\libm0.sm8)ldiv.o:
start 00009f3d end 0000a028 length   235 section .text
start 00000dcc end 00000dfa length    46 section .info.

(C:\Program Files (x86)\COSMIC\FSE_Compilers\CXSTM8\lib\libm0.sm8)lgadc.o:
start 0000a028 end 0000a038 length    16 section .text
start 00000dfa end 00000e29 length    47 section .info.

(C:\Program Files (x86)\COSMIC\FSE_Compilers\CXSTM8\lib\libm0.sm8)lgadd.o:
start 0000a038 end 0000a04f length    23 section .text
start 00000e29 end 00000e58 length    47 section .info.

(C:\Program Files (x86)\COSMIC\FSE_Compilers\CXSTM8\lib\libm0.sm8)lgneg.o:
start 0000a04f end 0000a062 length    19 section .text
start 00000e58 end 00000e87 length    47 section .info.

(C:\Program Files (x86)\COSMIC\FSE_Compilers\CXSTM8\lib\libm0.sm8)lgursh.o:
start ******** end ******** length     0 section .text *** removed ***
start 00000e87 end 00000eb7 length    48 section .info.

(C:\Program Files (x86)\COSMIC\FSE_Compilers\CXSTM8\lib\libm0.sm8)llsh.o:
start ******** end ******** length     0 section .text *** removed ***
start 00000eb7 end 00000ee5 length    46 section .info.

(C:\Program Files (x86)\COSMIC\FSE_Compilers\CXSTM8\lib\libm0.sm8)lmul.o:
start ******** end ******** length     0 section .text *** removed ***
start 00000ee5 end 00000f13 length    46 section .info.

(C:\Program Files (x86)\COSMIC\FSE_Compilers\CXSTM8\lib\libm0.sm8)lneg.o:
start 0000a062 end 0000a077 length    21 section .text
start 00000f13 end 00000f41 length    46 section .info.

(C:\Program Files (x86)\COSMIC\FSE_Compilers\CXSTM8\lib\libm0.sm8)lor.o:
start ******** end ******** length     0 section .text *** removed ***
start 00000f41 end 00000f6e length    45 section .info.

(C:\Program Files (x86)\COSMIC\FSE_Compilers\CXSTM8\lib\libm0.sm8)lreg.o:
start 00000006 end 0000000a length     4 section .ubsct
start 00000f6e end 00000f9c length    46 section .info.

(C:\Program Files (x86)\COSMIC\FSE_Compilers\CXSTM8\lib\libm0.sm8)lsub.o:
start 0000a077 end 0000a08f length    24 section .text
start 00000f9c end 00000fca length    46 section .info.

(C:\Program Files (x86)\COSMIC\FSE_Compilers\CXSTM8\lib\libm0.sm8)ltor.o:
start 0000a08f end 0000a0a1 length    18 section .text
start 00000fca end 00000ff8 length    46 section .info.

(C:\Program Files (x86)\COSMIC\FSE_Compilers\CXSTM8\lib\libm0.sm8)ludiv.o:
start 0000a0a1 end 0000a0b5 length    20 section .text
start 00000ff8 end 00001027 length    47 section .info.

(C:\Program Files (x86)\COSMIC\FSE_Compilers\CXSTM8\lib\libm0.sm8)lursh.o:
start ******** end ******** length     0 section .text *** removed ***
start 00001027 end 00001056 length    47 section .info.

(C:\Program Files (x86)\COSMIC\FSE_Compilers\CXSTM8\lib\libm0.sm8)lzmp.o:
start ******** end ******** length     0 section .text *** removed ***
start 00001056 end 00001084 length    46 section .info.

(C:\Program Files (x86)\COSMIC\FSE_Compilers\CXSTM8\lib\libm0.sm8)rtol.o:
start 0000a0b5 end 0000a0c7 length    18 section .text
start 00001084 end 000010b2 length    46 section .info.

(C:\Program Files (x86)\COSMIC\FSE_Compilers\CXSTM8\lib\libm0.sm8)sdivx.o:
start ******** end ******** length     0 section .text *** removed ***
start 000010b2 end 000010e1 length    47 section .info.

(C:\Program Files (x86)\COSMIC\FSE_Compilers\CXSTM8\lib\libm0.sm8)smul.o:
start ******** end ******** length     0 section .text *** removed ***
start 000010e1 end 0000110f length    46 section .info.

(C:\Program Files (x86)\COSMIC\FSE_Compilers\CXSTM8\lib\libm0.sm8)utol.o:
start ******** end ******** length     0 section .text *** removed ***
start 0000110f end 0000113d length    46 section .info.

(C:\Program Files (x86)\COSMIC\FSE_Compilers\CXSTM8\lib\libm0.sm8)utolx.o:
start 0000a0c7 end 0000a0ce length     7 section .text
start 0000113d end 0000116c length    47 section .info.

(C:\Program Files (x86)\COSMIC\FSE_Compilers\CXSTM8\lib\libm0.sm8)umul.o:
start 0000a0ce end 0000a10a length    60 section .text
start 0000116c end 0000119a length    46 section .info.

(C:\Program Files (x86)\COSMIC\FSE_Compilers\CXSTM8\lib\libm0.sm8)xreg.o:
start 0000000a end 0000000d length     3 section .ubsct
start 0000119a end 000011c8 length    46 section .info.

(C:\Program Files (x86)\COSMIC\FSE_Compilers\CXSTM8\lib\libm0.sm8)xymov.o:
start 0000a10a end 0000a149 length    63 section .text
start 000011c8 end 000011f7 length    47 section .info.

(C:\Program Files (x86)\COSMIC\FSE_Compilers\CXSTM8\lib\libm0.sm8)yreg.o:
start 0000000d end 00000010 length     3 section .ubsct
start 000011f7 end 00001225 length    46 section .info.

Debug\stm8_interrupt_vector.o:
start 000173b5 end 000174db length   294 section .debug
start 00001225 end 000012b1 length   140 section .info.
start 00008000 end 00008080 length   128 section .const


                             -----------
                             Stack usage
                             -----------

Debug\main.o:
_EEPROM_ReadByte                        2   (2)
_EEPROM_WriteByte                      18   (5)
_assert_failed                          6   (6)
_beepAndBlink                      >   55   (19)
_beepFail                              38   (2)
_beepSuccess                           47   (11)
_beepTone                              36   (22)
_blinkDisplay                          25   (5)
_blinkLED                              25   (5)
_buzzerInit                            14   (2)
_comparePIN                             7   (7)
_delay_us                               6   (6)
_factoryResetPIN                       49   (2)
_getKey                                30   (26)
_initKeypad                            14   (2)
_loadPINfromEEPROM                     22   (4)
_logoutSignal                          40   (4)
_main                              >   71   (22)
_savePINtoEEPROM                       23   (5)
_setCLK                                 7   (2)
_setDIO                                 7   (2)
_tm_displayCharacter                   20   (4)
_tm_start                               9   (2)
_tm_stop                                9   (2)
_tm_writeByte                          16   (4)

Debug\milis.o:
_delay_ms                              20   (6)
_init_milis                            14   (2)
_milis                                 14   (4)
f_TIM4_UPD_OVF_IRQHandler          >   21   (12)

Debug\stm8s_clk.o:
_CLK_AdjustHSICalibrationValue     >    9   (3)
_CLK_CCOCmd                        >    9   (3)
_CLK_CCOConfig                     >    9   (3)
_CLK_ClearITPendingBit             >    9   (3)
_CLK_ClockSecuritySystemEnable     >    2   (2)
_CLK_ClockSwitchCmd                >    9   (3)
_CLK_ClockSwitchConfig             >   16   (10)
_CLK_DeInit                        >    2   (2)
_CLK_FastHaltWakeUpCmd             >    9   (3)
_CLK_GetClockFreq                  >   25   (11)
_CLK_GetFlagStatus                 >   13   (7)
_CLK_GetITStatus                   >   10   (4)
_CLK_GetSYSCLKSource               >    2   (2)
_CLK_HSECmd                        >    9   (3)
_CLK_HSICmd                        >    9   (3)
_CLK_HSIPrescalerConfig                 9   (3)
_CLK_ITConfig                      >   10   (4)
_CLK_LSICmd                        >    9   (3)
_CLK_PeripheralClockConfig         >   10   (4)
_CLK_SWIMConfig                    >    9   (3)
_CLK_SYSCLKConfig                  >    9   (3)
_CLK_SYSCLKEmergencyClear          >    2   (2)
_CLK_SlowActiveHaltWakeUpCmd       >    9   (3)

Debug\stm8s_flash.o:
_FLASH_DeInit                      >    2   (2)
_FLASH_EraseBlock                  >   18   (12)
_FLASH_EraseByte                   >   12   (6)
_FLASH_EraseOptionByte             >   10   (4)
_FLASH_GetBootSize                 >    9   (6)
_FLASH_GetFlagStatus               >   10   (4)
_FLASH_GetLowPowerMode             >    2   (2)
_FLASH_GetProgrammingTime          >    2   (2)
_FLASH_ITConfig                    >    9   (3)
_FLASH_Lock                             9   (3)
_FLASH_ProgramBlock                >   20   (14)
_FLASH_ProgramByte                     13   (7)
_FLASH_ProgramOptionByte           >   11   (5)
_FLASH_ProgramWord                 >   16   (10)
_FLASH_ReadByte                    >   12   (6)
_FLASH_ReadOptionByte              >   14   (8)
_FLASH_SetLowPowerMode             >    9   (3)
_FLASH_SetProgrammingTime          >    9   (3)
_FLASH_Unlock                           9   (3)
_FLASH_WaitForLastOperation             5   (5)

Debug\stm8s_gpio.o:
_GPIO_DeInit                       >    2   (2)
_GPIO_ExternalPullUpConfig         >   12   (6)
_GPIO_Init                             12   (6)
_GPIO_ReadInputData                >    2   (2)
_GPIO_ReadInputPin                      5   (5)
_GPIO_ReadOutputData               >    2   (2)
_GPIO_Write                        >    5   (5)
_GPIO_WriteHigh                         5   (5)
_GPIO_WriteLow                          5   (5)
_GPIO_WriteReverse                 >    5   (5)

Debug\stm8s_it.o:
f_ADC2_IRQHandler                  >    6   (6)
f_AWU_IRQHandler                   >    6   (6)
f_CAN_RX_IRQHandler                >    6   (6)
f_CAN_TX_IRQHandler                >    6   (6)
f_CLK_IRQHandler                   >    6   (6)
f_EEPROM_EEC_IRQHandler            >    6   (6)
f_EXTI_PORTA_IRQHandler            >    6   (6)
f_EXTI_PORTB_IRQHandler            >    6   (6)
f_EXTI_PORTC_IRQHandler            >    6   (6)
f_EXTI_PORTD_IRQHandler            >    6   (6)
f_EXTI_PORTE_IRQHandler            >    6   (6)
f_I2C_IRQHandler                   >    6   (6)
f_NonHandledInterrupt              >    6   (6)
f_SPI_IRQHandler                   >    6   (6)
f_TIM1_CAP_COM_IRQHandler          >    6   (6)
f_TIM1_UPD_OVF_TRG_BRK_IRQHandler  >    6   (6)
f_TIM2_CAP_COM_IRQHandler          >    6   (6)
f_TIM2_UPD_OVF_BRK_IRQHandler      >    6   (6)
f_TIM3_CAP_COM_IRQHandler          >    6   (6)
f_TIM3_UPD_OVF_BRK_IRQHandler      >    6   (6)
f_TLI_IRQHandler                   >    6   (6)
f_TRAP_IRQHandler                  >    6   (6)
f_UART1_RX_IRQHandler              >    6   (6)
f_UART1_TX_IRQHandler              >    6   (6)
f_UART3_RX_IRQHandler              >    6   (6)
f_UART3_TX_IRQHandler              >    6   (6)

Debug\stm8s_itc.o:
_ITC_DeInit                        >    2   (2)
_ITC_GetCPUCC                           2   (2)
_ITC_GetSoftIntStatus                   4   (2)
_ITC_GetSoftwarePriority           >   11   (5)
_ITC_SetSoftwarePriority               12   (6)

Debug\stm8s_tim4.o:
_TIM4_ARRPreloadConfig             >    9   (3)
_TIM4_ClearFlag                         9   (3)
_TIM4_ClearITPendingBit            >    9   (3)
_TIM4_Cmd                               9   (3)
_TIM4_DeInit                       >    2   (2)
_TIM4_GenerateEvent                >    9   (3)
_TIM4_GetCounter                   >    2   (2)
_TIM4_GetFlagStatus                >   10   (4)
_TIM4_GetITStatus                  >   11   (5)
_TIM4_GetPrescaler                 >    2   (2)
_TIM4_ITConfig                         10   (4)
_TIM4_PrescalerConfig              >   10   (4)
_TIM4_SelectOnePulseMode           >    9   (3)
_TIM4_SetAutoreload                >    2   (2)
_TIM4_SetCounter                   >    2   (2)
_TIM4_TimeBaseInit                     10   (4)
_TIM4_UpdateDisableConfig          >    9   (3)
_TIM4_UpdateRequestConfig          >    9   (3)

Stack size: 92


                              ---------
                              Call tree
                              ---------
   1 > _CLK_AdjustHSICalibrationValue: (3)
   2      + _assert_failed: (6)
       
   3 > _CLK_CCOCmd: (3)
   4      + _assert_failed --> 2
       
   5 > _CLK_CCOConfig: (3)
   6      + _assert_failed --> 2
       
   7 > _CLK_ClearITPendingBit: (3)
   8      + _assert_failed --> 2
       
   9 > _CLK_ClockSecuritySystemEnable: (2)

  10 > _CLK_ClockSwitchCmd: (3)
  11      + _assert_failed --> 2
       
  12 > _CLK_ClockSwitchConfig: (10)
  13      + _assert_failed --> 2
       
  14 > _CLK_DeInit: (2)

  15 > _CLK_FastHaltWakeUpCmd: (3)
  16      + _assert_failed --> 2
       
  17 > _CLK_GetClockFreq: (11)

  18 > _CLK_GetFlagStatus: (7)
  19      + _assert_failed --> 2
       
  20 > _CLK_GetITStatus: (4)
  21      + _assert_failed --> 2
       
  22 > _CLK_GetSYSCLKSource: (2)

  23 > _CLK_HSECmd: (3)
  24      + _assert_failed --> 2
       
  25 > _CLK_HSICmd: (3)
  26      + _assert_failed --> 2
       
  27 > _CLK_ITConfig: (4)
  28      + _assert_failed --> 2
       
  29 > _CLK_LSICmd: (3)
  30      + _assert_failed --> 2
       
  31 > _CLK_PeripheralClockConfig: (4)
  32      + _assert_failed --> 2
       
  33 > _CLK_SWIMConfig: (3)
  34      + _assert_failed --> 2
       
  35 > _CLK_SYSCLKConfig: (3)
  36      + _assert_failed --> 2
       
  37 > _CLK_SYSCLKEmergencyClear: (2)

  38 > _CLK_SlowActiveHaltWakeUpCmd: (3)
  39      + _assert_failed --> 2
       
  40 > _FLASH_DeInit: (2)

  41 > _FLASH_EraseBlock: (12)
  42      + _assert_failed --> 2
       
  43 > _FLASH_EraseByte: (6)
  44      + _assert_failed --> 2
       
  45 > _FLASH_EraseOptionByte: (4)
  46      + _FLASH_WaitForLastOperation: (5)
  47      + _assert_failed --> 2
       
  48 > _FLASH_GetBootSize: (6)

  49 > _FLASH_GetFlagStatus: (4)
  50      + _assert_failed --> 2
       
  51 > _FLASH_GetLowPowerMode: (2)

  52 > _FLASH_GetProgrammingTime: (2)

  53 > _FLASH_ITConfig: (3)
  54      + _assert_failed --> 2
       
  55 > _FLASH_ProgramBlock: (14)
  56      + _assert_failed --> 2
       
  57 > _FLASH_ProgramOptionByte: (5)
  58      + _FLASH_WaitForLastOperation --> 46
  59      + _assert_failed --> 2
       
  60 > _FLASH_ProgramWord: (10)
  61      + _assert_failed --> 2
       
  62 > _FLASH_ReadByte: (6)
  63      + _assert_failed --> 2
       
  64 > _FLASH_ReadOptionByte: (8)
  65      + _assert_failed --> 2
       
  66 > _FLASH_SetLowPowerMode: (3)
  67      + _assert_failed --> 2
       
  68 > _FLASH_SetProgrammingTime: (3)
  69      + _assert_failed --> 2
       
  70 > _GPIO_DeInit: (2)

  71 > _GPIO_ExternalPullUpConfig: (6)
  72      + _assert_failed --> 2
       
  73 > _GPIO_ReadInputData: (2)

  74 > _GPIO_ReadOutputData: (2)

  75 > _GPIO_Write: (5)

  76 > _GPIO_WriteReverse: (5)

  77 > _ITC_DeInit: (2)

  78 > _ITC_GetSoftwarePriority: (5)
  79      + _assert_failed --> 2
       
  80 > _TIM4_ARRPreloadConfig: (3)
  81      + _assert_failed --> 2
       
  82 > _TIM4_ClearITPendingBit: (3)
  83      + _assert_failed --> 2
       
  84 > _TIM4_DeInit: (2)

  85 > _TIM4_GenerateEvent: (3)
  86      + _assert_failed --> 2
       
  87 > _TIM4_GetCounter: (2)

  88 > _TIM4_GetFlagStatus: (4)
  89      + _assert_failed --> 2
       
  90 > _TIM4_GetITStatus: (5)
  91      + _assert_failed --> 2
       
  92 > _TIM4_GetPrescaler: (2)

  93 > _TIM4_PrescalerConfig: (4)
  94      + _assert_failed --> 2
       
  95 > _TIM4_SelectOnePulseMode: (3)
  96      + _assert_failed --> 2
       
  97 > _TIM4_SetAutoreload: (2)

  98 > _TIM4_SetCounter: (2)

  99 > _TIM4_UpdateDisableConfig: (3)
 100      + _assert_failed --> 2
       
 101 > _TIM4_UpdateRequestConfig: (3)
 102      + _assert_failed --> 2
       
 103 > __stext: (0)

 104 > _beepAndBlink: (19)
 105      + _beepTone: (22)
 106      |    + _GPIO_WriteHigh: (5)
 107      |    + _GPIO_WriteLow: (5)
 108      |    + _delay_us: (6)
          | 
 109      + _blinkLED: (5)
 110      |    + _GPIO_WriteHigh --> 106
 111      |    + _GPIO_WriteLow --> 107
 112      |    + _delay_ms: (6)
 113      |    |    + _milis: (4)
 114      |    |    |    + _TIM4_ITConfig: (4)
 115      |    |    |    |    + _assert_failed --> 2
          |    |    |    | 
          |    |    | 
          |    | 
          | 
 116      + _delay_us --> 108
 117      + _milis --> 113
       
 118 > _main: (22)
 119      + _CLK_HSIPrescalerConfig: (3)
 120      |    + _assert_failed --> 2
          | 
 121      + _GPIO_Init: (6)
 122      |    + _assert_failed --> 2
          | 
 123      + _GPIO_ReadInputPin: (5)
 124      + _beepFail: (2)
 125      |    + _beepTone --> 105
          | 
 126      + _beepSuccess: (11)
 127      |    + _GPIO_WriteHigh --> 106
 128      |    + _GPIO_WriteLow --> 107
 129      |    + _beepTone --> 105
          | 
 130      + _blinkDisplay: (5)
 131      |    + _delay_us --> 108
 132      |    + _tm_displayCharacter: (4)
 133      |    |    + _tm_start: (2)
 134      |    |    |    + _delay_us --> 108
 135      |    |    |    + _setCLK: (2)
 136      |    |    |    |    + _GPIO_WriteHigh --> 106
 137      |    |    |    |    + _GPIO_WriteLow --> 107
          |    |    |    | 
 138      |    |    |    + _setDIO: (2)
 139      |    |    |    |    + _GPIO_WriteHigh --> 106
 140      |    |    |    |    + _GPIO_WriteLow --> 107
          |    |    |    | 
          |    |    | 
 141      |    |    + _tm_stop: (2)
 142      |    |    |    + _delay_us --> 108
 143      |    |    |    + _setCLK --> 135
 144      |    |    |    + _setDIO --> 138
          |    |    | 
 145      |    |    + _tm_writeByte: (4)
 146      |    |    |    + _GPIO_Init --> 121
 147      |    |    |    + _delay_us --> 108
 148      |    |    |    + _setCLK --> 135
 149      |    |    |    + _setDIO --> 138
          |    |    | 
          |    | 
          | 
 150      + _blinkLED --> 109
 151      + _buzzerInit: (2)
 152      |    + _GPIO_Init --> 121
 153      |    + _GPIO_WriteLow --> 107
          | 
 154      + _comparePIN: (7)
 155      + _factoryResetPIN: (2)
 156      |    + _beepSuccess --> 126
 157      |    + _blinkDisplay --> 130
 158      |    + _savePINtoEEPROM: (5)
 159      |    |    + _EEPROM_WriteByte: (5)
 160      |    |    |    + _FLASH_Lock: (3)
 161      |    |    |    |    + _assert_failed --> 2
          |    |    |    | 
 162      |    |    |    + _FLASH_ProgramByte: (7)
 163      |    |    |    |    + _assert_failed --> 2
          |    |    |    | 
 164      |    |    |    + _FLASH_Unlock: (3)
 165      |    |    |    |    + _assert_failed --> 2
          |    |    |    | 
          |    |    | 
          |    | 
          | 
 166      + _getKey: (26)
 167      + _initKeypad: (2)
 168      |    + _GPIO_Init --> 121
          | 
 169      + _init_milis: (2)
 170      |    + _ITC_SetSoftwarePriority: (6)
 171      |    |    + _ITC_GetSoftIntStatus: (2)
 172      |    |    |    + _ITC_GetCPUCC: (2)
          |    |    | 
 173      |    |    + _assert_failed --> 2
          |    | 
 174      |    + _TIM4_ClearFlag: (3)
 175      |    |    + _assert_failed --> 2
          |    | 
 176      |    + _TIM4_Cmd: (3)
 177      |    |    + _assert_failed --> 2
          |    | 
 178      |    + _TIM4_ITConfig --> 114
 179      |    + _TIM4_TimeBaseInit: (4)
 180      |    |    + _assert_failed --> 2
          |    | 
          | 
 181      + _loadPINfromEEPROM: (4)
 182      |    + _EEPROM_ReadByte: (2)
 183      |    + _EEPROM_WriteByte --> 159
          | 
 184      + _logoutSignal: (4)
 185      |    + _GPIO_WriteHigh --> 106
 186      |    + _GPIO_WriteLow --> 107
 187      |    + _beepTone --> 105
 188      |    + _delay_ms --> 112
 189      |    + _tm_displayCharacter --> 132
          | 
 190      + _milis --> 113
 191      + _savePINtoEEPROM --> 158
 192      + _tm_displayCharacter --> 132
       
 193 > f_ADC2_IRQHandler: (6)

 194 > f_AWU_IRQHandler: (6)

 195 > f_CAN_RX_IRQHandler: (6)

 196 > f_CAN_TX_IRQHandler: (6)

 197 > f_CLK_IRQHandler: (6)

 198 > f_EEPROM_EEC_IRQHandler: (6)

 199 > f_EXTI_PORTA_IRQHandler: (6)

 200 > f_EXTI_PORTB_IRQHandler: (6)

 201 > f_EXTI_PORTC_IRQHandler: (6)

 202 > f_EXTI_PORTD_IRQHandler: (6)

 203 > f_EXTI_PORTE_IRQHandler: (6)

 204 > f_I2C_IRQHandler: (6)

 205 > f_NonHandledInterrupt: (6)

 206 > f_SPI_IRQHandler: (6)

 207 > f_TIM1_CAP_COM_IRQHandler: (6)

 208 > f_TIM1_UPD_OVF_TRG_BRK_IRQHandler: (6)

 209 > f_TIM2_CAP_COM_IRQHandler: (6)

 210 > f_TIM2_UPD_OVF_BRK_IRQHandler: (6)

 211 > f_TIM3_CAP_COM_IRQHandler: (6)

 212 > f_TIM3_UPD_OVF_BRK_IRQHandler: (6)

 213 > f_TIM4_UPD_OVF_IRQHandler: (12)
 214      + _TIM4_ClearFlag --> 174
       
 215 > f_TLI_IRQHandler: (6)

 216 > f_TRAP_IRQHandler: (6)

 217 > f_UART1_RX_IRQHandler: (6)

 218 > f_UART1_TX_IRQHandler: (6)

 219 > f_UART3_RX_IRQHandler: (6)

 220 > f_UART3_TX_IRQHandler: (6)

 221   _CLK_HSIPrescalerConfig --> 119

 222   _EEPROM_ReadByte --> 182

 223   _EEPROM_WriteByte --> 159

 224   _FLASH_Lock --> 160

 225   _FLASH_ProgramByte --> 162

 226   _FLASH_Unlock --> 164

 227   _FLASH_WaitForLastOperation --> 46

 228   _GPIO_Init --> 121

 229   _GPIO_ReadInputPin --> 123

 230   _GPIO_WriteHigh --> 106

 231   _GPIO_WriteLow --> 107

 232   _ITC_GetCPUCC --> 172

 233   _ITC_GetSoftIntStatus --> 171

 234   _ITC_SetSoftwarePriority --> 170

 235   _TIM4_ClearFlag --> 174

 236   _TIM4_Cmd --> 176

 237   _TIM4_ITConfig --> 114

 238   _TIM4_TimeBaseInit --> 179

 239   _assert_failed --> 2

 240   _beepFail --> 124

 241   _beepSuccess --> 126

 242   _beepTone --> 105

 243   _blinkDisplay --> 130

 244   _blinkLED --> 109

 245   _buzzerInit --> 151

 246   _comparePIN --> 154

 247   _delay_ms --> 112

 248   _delay_us --> 108

 249   _factoryResetPIN --> 155

 250   _getKey --> 166

 251   _initKeypad --> 167

 252   _init_milis --> 169

 253   _loadPINfromEEPROM --> 181

 254   _logoutSignal --> 184

 255   _milis --> 113

 256   _savePINtoEEPROM --> 158

 257   _setCLK --> 135

 258   _setDIO --> 138

 259   _tm_displayCharacter --> 132

 260   _tm_start --> 133

 261   _tm_stop --> 141

 262   _tm_writeByte --> 145



                               -------
                               Symbols
                               -------

_ADC2_AlignConfig                   ********   *** removed from Debug\spse_stm8.o ***
_ADC2_ClearFlag                     ********   *** removed from Debug\stm8s_adc2.o ***
_ADC2_ClearITPendingBit             ********   *** removed from Debug\stm8s_adc2.o ***
_ADC2_Cmd                           ********   *** removed from Debug\stm8s_adc2.o ***
_ADC2_ConversionConfig              ********   *** removed from Debug\stm8s_adc2.o ***
_ADC2_DeInit                        ********   *** removed from Debug\stm8s_adc2.o ***
_ADC2_ExternalTriggerConfig         ********   *** removed from Debug\stm8s_adc2.o ***
_ADC2_GetConversionValue            ********   *** removed from Debug\stm8s_adc2.o ***
_ADC2_GetFlagStatus                 ********   *** removed from Debug\stm8s_adc2.o ***
_ADC2_GetITStatus                   ********   *** removed from Debug\stm8s_adc2.o ***
_ADC2_ITConfig                      ********   *** removed from Debug\stm8s_adc2.o ***
_ADC2_Init                          ********   *** removed from Debug\stm8s_adc2.o ***
_ADC2_PrescalerConfig               ********   *** removed from Debug\stm8s_adc2.o ***
_ADC2_SchmittTriggerConfig          ********   *** removed from Debug\stm8s_adc2.o ***
_ADC2_Select_Channel                ********   *** removed from Debug\spse_stm8.o ***
_ADC2_StartConversion               ********   *** removed from Debug\stm8s_adc2.o ***
_ADC2_Startup_Wait                  ********   *** removed from Debug\spse_stm8.o ***
_ADC_get                            ********   *** removed from Debug\spse_stm8.o ***
_APR_Array                          ********   *** removed from Debug\stm8s_awu.o ***
_AWU_Cmd                            ********   *** removed from Debug\stm8s_awu.o ***
_AWU_DeInit                         ********   *** removed from Debug\stm8s_awu.o ***
_AWU_GetFlagStatus                  ********   *** removed from Debug\stm8s_awu.o ***
_AWU_IdleModeEnable                 ********   *** removed from Debug\stm8s_awu.o ***
_AWU_Init                           ********   *** removed from Debug\stm8s_awu.o ***
_AWU_LSICalibrationConfig           ********   *** removed from Debug\stm8s_awu.o ***
_BEEP_Cmd                           ********   *** removed from Debug\stm8s_beep.o ***
_BEEP_DeInit                        ********   *** removed from Debug\stm8s_beep.o ***
_BEEP_Init                          ********   *** removed from Debug\stm8s_beep.o ***
_BEEP_LSICalibrationConfig          ********   *** removed from Debug\stm8s_beep.o ***
_CAN_CancelTransmit                 ********   *** removed from Debug\stm8s_can.o ***
_CAN_ClearFlag                      ********   *** removed from Debug\stm8s_can.o ***
_CAN_ClearITPendingBit              ********   *** removed from Debug\stm8s_can.o ***
_CAN_DeInit                         ********   *** removed from Debug\stm8s_can.o ***
_CAN_FIFORelease                    ********   *** removed from Debug\stm8s_can.o ***
_CAN_FilterInit                     ********   *** removed from Debug\stm8s_can.o ***
_CAN_GetFlagStatus                  ********   *** removed from Debug\stm8s_can.o ***
_CAN_GetITStatus                    ********   *** removed from Debug\stm8s_can.o ***
_CAN_GetLastErrorCode               ********   *** removed from Debug\stm8s_can.o ***
_CAN_GetMessageTimeStamp            ********   *** removed from Debug\stm8s_can.o ***
_CAN_GetReceivedDLC                 ********   *** removed from Debug\stm8s_can.o ***
_CAN_GetReceivedData                ********   *** removed from Debug\stm8s_can.o ***
_CAN_GetReceivedFMI                 ********   *** removed from Debug\stm8s_can.o ***
_CAN_GetReceivedIDE                 ********   *** removed from Debug\stm8s_can.o ***
_CAN_GetReceivedId                  ********   *** removed from Debug\stm8s_can.o ***
_CAN_GetReceivedRTR                 ********   *** removed from Debug\stm8s_can.o ***
_CAN_GetSelectedPage                ********   *** removed from Debug\stm8s_can.o ***
_CAN_ITConfig                       ********   *** removed from Debug\stm8s_can.o ***
_CAN_Init                           ********   *** removed from Debug\stm8s_can.o ***
_CAN_MessagePending                 ********   *** removed from Debug\stm8s_can.o ***
_CAN_OperatingModeRequest           ********   *** removed from Debug\stm8s_can.o ***
_CAN_Receive                        ********   *** removed from Debug\stm8s_can.o ***
_CAN_ST7CompatibilityCmd            ********   *** removed from Debug\stm8s_can.o ***
_CAN_SelectPage                     ********   *** removed from Debug\stm8s_can.o ***
_CAN_Sleep                          ********   *** removed from Debug\stm8s_can.o ***
_CAN_TTComModeCmd                   ********   *** removed from Debug\stm8s_can.o ***
_CAN_Transmit                       ********   *** removed from Debug\stm8s_can.o ***
_CAN_TransmitStatus                 ********   *** removed from Debug\stm8s_can.o ***
_CAN_WakeUp                         ********   *** removed from Debug\stm8s_can.o ***
_CLKPrescTable                      00008084   defined in Debug\stm8s_clk.o section .const
_CLK_AdjustHSICalibrationValue      00008838   defined in Debug\stm8s_clk.o section .text
_CLK_CCOCmd                         00008374   defined in Debug\stm8s_clk.o section .text
_CLK_CCOConfig                      0000864e   defined in Debug\stm8s_clk.o section .text
_CLK_ClearITPendingBit              00008968   defined in Debug\stm8s_clk.o section .text
_CLK_ClockSecuritySystemEnable      000087bb   defined in Debug\stm8s_clk.o section .text
_CLK_ClockSwitchCmd                 0000839f   defined in Debug\stm8s_clk.o section .text
_CLK_ClockSwitchConfig              000084e3   defined in Debug\stm8s_clk.o section .text
_CLK_DeInit                         00008290   defined in Debug\stm8s_clk.o section .text
_CLK_FastHaltWakeUpCmd              000082c8   defined in Debug\stm8s_clk.o section .text
_CLK_GetClockFreq                   000087c4   defined in Debug\stm8s_clk.o section .text
                                               used in Debug\stm8s_uart1.o
                                                       Debug\stm8s_uart3.o
_CLK_GetFlagStatus                  0000887c   defined in Debug\stm8s_clk.o section .text
_CLK_GetITStatus                    0000891d   defined in Debug\stm8s_clk.o section .text
_CLK_GetSYSCLKSource                000087c0   defined in Debug\stm8s_clk.o section .text
_CLK_HSECmd                         000082f3   defined in Debug\stm8s_clk.o section .text
_CLK_HSICmd                         0000831e   defined in Debug\stm8s_clk.o section .text
_CLK_HSIPrescalerConfig             00008619   defined in Debug\stm8s_clk.o section .text
                                               used in Debug\main.o
_CLK_ITConfig                       000086ab   defined in Debug\stm8s_clk.o section .text
_CLK_LSICmd                         00008349   defined in Debug\stm8s_clk.o section .text
_CLK_PeripheralClockConfig          000083f5   defined in Debug\stm8s_clk.o section .text
_CLK_SWIMConfig                     00008790   defined in Debug\stm8s_clk.o section .text
_CLK_SYSCLKConfig                   0000871f   defined in Debug\stm8s_clk.o section .text
_CLK_SYSCLKEmergencyClear           00008877   defined in Debug\stm8s_clk.o section .text
_CLK_SlowActiveHaltWakeUpCmd        000083ca   defined in Debug\stm8s_clk.o section .text
_EEPROM_ReadByte                    00009a59   defined in Debug\main.o section .text
_EEPROM_WriteByte                   00009a5b   defined in Debug\main.o section .text
_EXTI_DeInit                        ********   *** removed from Debug\stm8s_exti.o ***
_EXTI_GetExtIntSensitivity          ********   *** removed from Debug\stm8s_exti.o ***
_EXTI_GetTLISensitivity             ********   *** removed from Debug\stm8s_exti.o ***
_EXTI_SetExtIntSensitivity          ********   *** removed from Debug\stm8s_exti.o ***
_EXTI_SetTLISensitivity             ********   *** removed from Debug\stm8s_exti.o ***
_FLASH_DeInit                       000089f2   defined in Debug\stm8s_flash.o section .text
_FLASH_EraseBlock                   00008e17   defined in Debug\stm8s_flash.o section .text
_FLASH_EraseByte                    00008a35   defined in Debug\stm8s_flash.o section .text
_FLASH_EraseOptionByte              00008c44   defined in Debug\stm8s_flash.o section .text
_FLASH_GetBootSize                  00008d5a   defined in Debug\stm8s_flash.o section .text
_FLASH_GetFlagStatus                00008d91   defined in Debug\stm8s_flash.o section .text
_FLASH_GetLowPowerMode              00008d4e   defined in Debug\stm8s_flash.o section .text
_FLASH_GetProgrammingTime           00008d54   defined in Debug\stm8s_flash.o section .text
_FLASH_ITConfig                     00008a0a   defined in Debug\stm8s_flash.o section .text
_FLASH_Lock                         000089cc   defined in Debug\stm8s_flash.o section .text
                                               used in Debug\main.o
_FLASH_ProgramBlock                 00008ef0   defined in Debug\stm8s_flash.o section .text
_FLASH_ProgramByte                  00008a92   defined in Debug\stm8s_flash.o section .text
                                               used in Debug\main.o
_FLASH_ProgramOptionByte            00008bf5   defined in Debug\stm8s_flash.o section .text
_FLASH_ProgramWord                  00008b4e   defined in Debug\stm8s_flash.o section .text
_FLASH_ReadByte                     00008af2   defined in Debug\stm8s_flash.o section .text
_FLASH_ReadOptionByte               00008c8e   defined in Debug\stm8s_flash.o section .text
_FLASH_SetLowPowerMode              00008cf0   defined in Debug\stm8s_flash.o section .text
_FLASH_SetProgrammingTime           00008d25   defined in Debug\stm8s_flash.o section .text
_FLASH_Unlock                       00008996   defined in Debug\stm8s_flash.o section .text
                                               used in Debug\main.o
_FLASH_WaitForLastOperation         00008dcd   defined in Debug\stm8s_flash.o section .text
_GPIO_DeInit                        00008fce   defined in Debug\stm8s_gpio.o section .text
_GPIO_ExternalPullUpConfig          000090dc   defined in Debug\stm8s_gpio.o section .text
_GPIO_Init                          00008fd6   defined in Debug\stm8s_gpio.o section .text
                                               used in Debug\swspi.o Debug\main.o
_GPIO_ReadInputData                 000090d2   defined in Debug\stm8s_gpio.o section .text
_GPIO_ReadInputPin                  000090d5   defined in Debug\stm8s_gpio.o section .text
                                               used in Debug\main.o
_GPIO_ReadOutputData                000090d0   defined in Debug\stm8s_gpio.o section .text
_GPIO_Write                         000090b2   defined in Debug\stm8s_gpio.o section .text
_GPIO_WriteHigh                     000090ba   defined in Debug\stm8s_gpio.o section .text
                                               used in Debug\swspi.o Debug\main.o
_GPIO_WriteLow                      000090c1   defined in Debug\stm8s_gpio.o section .text
                                               used in Debug\swspi.o Debug\main.o
_GPIO_WriteReverse                  000090c9   defined in Debug\stm8s_gpio.o section .text
_HSIDivFactor                       00008080   defined in Debug\stm8s_clk.o section .const
_I2C_AcknowledgeConfig              ********   *** removed from Debug\stm8s_i2c.o ***
_I2C_CheckEvent                     ********   *** removed from Debug\stm8s_i2c.o ***
_I2C_ClearFlag                      ********   *** removed from Debug\stm8s_i2c.o ***
_I2C_ClearITPendingBit              ********   *** removed from Debug\stm8s_i2c.o ***
_I2C_Cmd                            ********   *** removed from Debug\stm8s_i2c.o ***
_I2C_DeInit                         ********   *** removed from Debug\stm8s_i2c.o ***
_I2C_FastModeDutyCycleConfig        ********   *** removed from Debug\stm8s_i2c.o ***
_I2C_GeneralCallCmd                 ********   *** removed from Debug\stm8s_i2c.o ***
_I2C_GenerateSTART                  ********   *** removed from Debug\stm8s_i2c.o ***
_I2C_GenerateSTOP                   ********   *** removed from Debug\stm8s_i2c.o ***
_I2C_GetFlagStatus                  ********   *** removed from Debug\stm8s_i2c.o ***
_I2C_GetITStatus                    ********   *** removed from Debug\stm8s_i2c.o ***
_I2C_GetLastEvent                   ********   *** removed from Debug\stm8s_i2c.o ***
_I2C_ITConfig                       ********   *** removed from Debug\stm8s_i2c.o ***
_I2C_Init                           ********   *** removed from Debug\stm8s_i2c.o ***
_I2C_ReceiveData                    ********   *** removed from Debug\stm8s_i2c.o ***
_I2C_Send7bitAddress                ********   *** removed from Debug\stm8s_i2c.o ***
_I2C_SendData                       ********   *** removed from Debug\stm8s_i2c.o ***
_I2C_SoftwareResetCmd               ********   *** removed from Debug\stm8s_i2c.o ***
_I2C_StretchClockCmd                ********   *** removed from Debug\stm8s_i2c.o ***
_ITC_DeInit                         00009147   defined in Debug\stm8s_itc.o section .text
_ITC_GetCPUCC                       00009144   defined in Debug\stm8s_itc.o section .text
_ITC_GetSoftIntStatus               00009168   defined in Debug\stm8s_itc.o section .text
_ITC_GetSoftwarePriority            0000916d   defined in Debug\stm8s_itc.o section .text
_ITC_SetSoftwarePriority            000091fd   defined in Debug\stm8s_itc.o section .text
                                               used in Debug\milis.o
_IWDG_Enable                        ********   *** removed from Debug\stm8s_iwdg.o ***
_IWDG_ReloadCounter                 ********   *** removed from Debug\stm8s_iwdg.o ***
_IWDG_SetPrescaler                  ********   *** removed from Debug\stm8s_iwdg.o ***
_IWDG_SetReload                     ********   *** removed from Debug\stm8s_iwdg.o ***
_IWDG_WriteAccessCmd                ********   *** removed from Debug\stm8s_iwdg.o ***
_RST_ClearFlag                      ********   *** removed from Debug\stm8s_rst.o ***
_RST_GetFlagStatus                  ********   *** removed from Debug\stm8s_rst.o ***
_SPI_BiDirectionalLineConfig        ********   *** removed from Debug\stm8s_spi.o ***
_SPI_CalculateCRCCmd                ********   *** removed from Debug\stm8s_spi.o ***
_SPI_ClearFlag                      ********   *** removed from Debug\stm8s_spi.o ***
_SPI_ClearITPendingBit              ********   *** removed from Debug\stm8s_spi.o ***
_SPI_Cmd                            ********   *** removed from Debug\stm8s_spi.o ***
_SPI_DeInit                         ********   *** removed from Debug\stm8s_spi.o ***
_SPI_GetCRC                         ********   *** removed from Debug\stm8s_spi.o ***
_SPI_GetCRCPolynomial               ********   *** removed from Debug\stm8s_spi.o ***
_SPI_GetFlagStatus                  ********   *** removed from Debug\stm8s_spi.o ***
_SPI_GetITStatus                    ********   *** removed from Debug\stm8s_spi.o ***
_SPI_ITConfig                       ********   *** removed from Debug\stm8s_spi.o ***
_SPI_Init                           ********   *** removed from Debug\stm8s_spi.o ***
_SPI_NSSInternalSoftwareCmd         ********   *** removed from Debug\stm8s_spi.o ***
_SPI_ReceiveData                    ********   *** removed from Debug\stm8s_spi.o ***
_SPI_ResetCRC                       ********   *** removed from Debug\stm8s_spi.o ***
_SPI_SendData                       ********   *** removed from Debug\stm8s_spi.o ***
_SPI_TransmitCRC                    ********   *** removed from Debug\stm8s_spi.o ***
_TBR_Array                          ********   *** removed from Debug\stm8s_awu.o ***
_TIM1_ARRPreloadConfig              ********   *** removed from Debug\stm8s_tim1.o ***
_TIM1_BDTRConfig                    ********   *** removed from Debug\stm8s_tim1.o ***
_TIM1_CCPreloadControl              ********   *** removed from Debug\stm8s_tim1.o ***
_TIM1_CCxCmd                        ********   *** removed from Debug\stm8s_tim1.o ***
_TIM1_CCxNCmd                       ********   *** removed from Debug\stm8s_tim1.o ***
_TIM1_ClearFlag                     ********   *** removed from Debug\stm8s_tim1.o ***
_TIM1_ClearITPendingBit             ********   *** removed from Debug\stm8s_tim1.o ***
_TIM1_Cmd                           ********   *** removed from Debug\stm8s_tim1.o ***
_TIM1_CounterModeConfig             ********   *** removed from Debug\stm8s_tim1.o ***
_TIM1_CtrlPWMOutputs                ********   *** removed from Debug\stm8s_tim1.o ***
_TIM1_DeInit                        ********   *** removed from Debug\stm8s_tim1.o ***
_TIM1_ETRClockMode1Config           ********   *** removed from Debug\stm8s_tim1.o ***
_TIM1_ETRClockMode2Config           ********   *** removed from Debug\stm8s_tim1.o ***
_TIM1_ETRConfig                     ********   *** removed from Debug\stm8s_tim1.o ***
_TIM1_EncoderInterfaceConfig        ********   *** removed from Debug\stm8s_tim1.o ***
_TIM1_ForcedOC1Config               ********   *** removed from Debug\stm8s_tim1.o ***
_TIM1_ForcedOC2Config               ********   *** removed from Debug\stm8s_tim1.o ***
_TIM1_ForcedOC3Config               ********   *** removed from Debug\stm8s_tim1.o ***
_TIM1_ForcedOC4Config               ********   *** removed from Debug\stm8s_tim1.o ***
_TIM1_GenerateEvent                 ********   *** removed from Debug\stm8s_tim1.o ***
_TIM1_GetCapture1                   ********   *** removed from Debug\stm8s_tim1.o ***
_TIM1_GetCapture2                   ********   *** removed from Debug\stm8s_tim1.o ***
_TIM1_GetCapture3                   ********   *** removed from Debug\stm8s_tim1.o ***
_TIM1_GetCapture4                   ********   *** removed from Debug\stm8s_tim1.o ***
_TIM1_GetCounter                    ********   *** removed from Debug\stm8s_tim1.o ***
_TIM1_GetFlagStatus                 ********   *** removed from Debug\stm8s_tim1.o ***
_TIM1_GetITStatus                   ********   *** removed from Debug\stm8s_tim1.o ***
_TIM1_GetPrescaler                  ********   *** removed from Debug\stm8s_tim1.o ***
_TIM1_ICInit                        ********   *** removed from Debug\stm8s_tim1.o ***
_TIM1_ITConfig                      ********   *** removed from Debug\stm8s_tim1.o ***
_TIM1_InternalClockConfig           ********   *** removed from Debug\stm8s_tim1.o ***
_TIM1_OC1FastConfig                 ********   *** removed from Debug\stm8s_tim1.o ***
_TIM1_OC1Init                       ********   *** removed from Debug\stm8s_tim1.o ***
_TIM1_OC1NPolarityConfig            ********   *** removed from Debug\stm8s_tim1.o ***
_TIM1_OC1PolarityConfig             ********   *** removed from Debug\stm8s_tim1.o ***
_TIM1_OC1PreloadConfig              ********   *** removed from Debug\stm8s_tim1.o ***
_TIM1_OC2FastConfig                 ********   *** removed from Debug\stm8s_tim1.o ***
_TIM1_OC2Init                       ********   *** removed from Debug\stm8s_tim1.o ***
_TIM1_OC2NPolarityConfig            ********   *** removed from Debug\stm8s_tim1.o ***
_TIM1_OC2PolarityConfig             ********   *** removed from Debug\stm8s_tim1.o ***
_TIM1_OC2PreloadConfig              ********   *** removed from Debug\stm8s_tim1.o ***
_TIM1_OC3FastConfig                 ********   *** removed from Debug\stm8s_tim1.o ***
_TIM1_OC3Init                       ********   *** removed from Debug\stm8s_tim1.o ***
_TIM1_OC3NPolarityConfig            ********   *** removed from Debug\stm8s_tim1.o ***
_TIM1_OC3PolarityConfig             ********   *** removed from Debug\stm8s_tim1.o ***
_TIM1_OC3PreloadConfig              ********   *** removed from Debug\stm8s_tim1.o ***
_TIM1_OC4FastConfig                 ********   *** removed from Debug\stm8s_tim1.o ***
_TIM1_OC4Init                       ********   *** removed from Debug\stm8s_tim1.o ***
_TIM1_OC4PolarityConfig             ********   *** removed from Debug\stm8s_tim1.o ***
_TIM1_OC4PreloadConfig              ********   *** removed from Debug\stm8s_tim1.o ***
_TIM1_PWMIConfig                    ********   *** removed from Debug\stm8s_tim1.o ***
_TIM1_PrescalerConfig               ********   *** removed from Debug\stm8s_tim1.o ***
_TIM1_SelectCOM                     ********   *** removed from Debug\stm8s_tim1.o ***
_TIM1_SelectHallSensor              ********   *** removed from Debug\stm8s_tim1.o ***
_TIM1_SelectInputTrigger            ********   *** removed from Debug\stm8s_tim1.o ***
_TIM1_SelectMasterSlaveMode         ********   *** removed from Debug\stm8s_tim1.o ***
_TIM1_SelectOCxM                    ********   *** removed from Debug\stm8s_tim1.o ***
_TIM1_SelectOnePulseMode            ********   *** removed from Debug\stm8s_tim1.o ***
_TIM1_SelectOutputTrigger           ********   *** removed from Debug\stm8s_tim1.o ***
_TIM1_SelectSlaveMode               ********   *** removed from Debug\stm8s_tim1.o ***
_TIM1_SetAutoreload                 ********   *** removed from Debug\stm8s_tim1.o ***
_TIM1_SetCompare1                   ********   *** removed from Debug\stm8s_tim1.o ***
_TIM1_SetCompare2                   ********   *** removed from Debug\stm8s_tim1.o ***
_TIM1_SetCompare3                   ********   *** removed from Debug\stm8s_tim1.o ***
_TIM1_SetCompare4                   ********   *** removed from Debug\stm8s_tim1.o ***
_TIM1_SetCounter                    ********   *** removed from Debug\stm8s_tim1.o ***
_TIM1_SetIC1Prescaler               ********   *** removed from Debug\stm8s_tim1.o ***
_TIM1_SetIC2Prescaler               ********   *** removed from Debug\stm8s_tim1.o ***
_TIM1_SetIC3Prescaler               ********   *** removed from Debug\stm8s_tim1.o ***
_TIM1_SetIC4Prescaler               ********   *** removed from Debug\stm8s_tim1.o ***
_TIM1_TIxExternalClockConfig        ********   *** removed from Debug\stm8s_tim1.o ***
_TIM1_TimeBaseInit                  ********   *** removed from Debug\stm8s_tim1.o ***
_TIM1_UpdateDisableConfig           ********   *** removed from Debug\stm8s_tim1.o ***
_TIM1_UpdateRequestConfig           ********   *** removed from Debug\stm8s_tim1.o ***
_TIM2_ARRPreloadConfig              ********   *** removed from Debug\stm8s_tim2.o ***
_TIM2_CCxCmd                        ********   *** removed from Debug\stm8s_tim2.o ***
_TIM2_ClearFlag                     ********   *** removed from Debug\stm8s_tim2.o ***
_TIM2_ClearITPendingBit             ********   *** removed from Debug\stm8s_tim2.o ***
_TIM2_Cmd                           ********   *** removed from Debug\stm8s_tim2.o ***
_TIM2_DeInit                        ********   *** removed from Debug\stm8s_tim2.o ***
_TIM2_ForcedOC1Config               ********   *** removed from Debug\stm8s_tim2.o ***
_TIM2_ForcedOC2Config               ********   *** removed from Debug\stm8s_tim2.o ***
_TIM2_ForcedOC3Config               ********   *** removed from Debug\stm8s_tim2.o ***
_TIM2_GenerateEvent                 ********   *** removed from Debug\stm8s_tim2.o ***
_TIM2_GetCapture1                   ********   *** removed from Debug\stm8s_tim2.o ***
_TIM2_GetCapture2                   ********   *** removed from Debug\stm8s_tim2.o ***
_TIM2_GetCapture3                   ********   *** removed from Debug\stm8s_tim2.o ***
_TIM2_GetCounter                    ********   *** removed from Debug\stm8s_tim2.o ***
_TIM2_GetFlagStatus                 ********   *** removed from Debug\stm8s_tim2.o ***
_TIM2_GetITStatus                   ********   *** removed from Debug\stm8s_tim2.o ***
_TIM2_GetPrescaler                  ********   *** removed from Debug\stm8s_tim2.o ***
_TIM2_ICInit                        ********   *** removed from Debug\stm8s_tim2.o ***
_TIM2_ITConfig                      ********   *** removed from Debug\stm8s_tim2.o ***
_TIM2_OC1Init                       ********   *** removed from Debug\stm8s_tim2.o ***
_TIM2_OC1PolarityConfig             ********   *** removed from Debug\stm8s_tim2.o ***
_TIM2_OC1PreloadConfig              ********   *** removed from Debug\stm8s_tim2.o ***
_TIM2_OC2Init                       ********   *** removed from Debug\stm8s_tim2.o ***
_TIM2_OC2PolarityConfig             ********   *** removed from Debug\stm8s_tim2.o ***
_TIM2_OC2PreloadConfig              ********   *** removed from Debug\stm8s_tim2.o ***
_TIM2_OC3Init                       ********   *** removed from Debug\stm8s_tim2.o ***
_TIM2_OC3PolarityConfig             ********   *** removed from Debug\stm8s_tim2.o ***
_TIM2_OC3PreloadConfig              ********   *** removed from Debug\stm8s_tim2.o ***
_TIM2_PWMIConfig                    ********   *** removed from Debug\stm8s_tim2.o ***
_TIM2_PrescalerConfig               ********   *** removed from Debug\stm8s_tim2.o ***
_TIM2_SelectOCxM                    ********   *** removed from Debug\stm8s_tim2.o ***
_TIM2_SelectOnePulseMode            ********   *** removed from Debug\stm8s_tim2.o ***
_TIM2_SetAutoreload                 ********   *** removed from Debug\stm8s_tim2.o ***
_TIM2_SetCompare1                   ********   *** removed from Debug\stm8s_tim2.o ***
_TIM2_SetCompare2                   ********   *** removed from Debug\stm8s_tim2.o ***
_TIM2_SetCompare3                   ********   *** removed from Debug\stm8s_tim2.o ***
_TIM2_SetCounter                    ********   *** removed from Debug\stm8s_tim2.o ***
_TIM2_SetIC1Prescaler               ********   *** removed from Debug\stm8s_tim2.o ***
_TIM2_SetIC2Prescaler               ********   *** removed from Debug\stm8s_tim2.o ***
_TIM2_SetIC3Prescaler               ********   *** removed from Debug\stm8s_tim2.o ***
_TIM2_TimeBaseInit                  ********   *** removed from Debug\stm8s_tim2.o ***
_TIM2_UpdateDisableConfig           ********   *** removed from Debug\stm8s_tim2.o ***
_TIM2_UpdateRequestConfig           ********   *** removed from Debug\stm8s_tim2.o ***
_TIM3_ARRPreloadConfig              ********   *** removed from Debug\stm8s_tim3.o ***
_TIM3_CCxCmd                        ********   *** removed from Debug\stm8s_tim3.o ***
_TIM3_ClearFlag                     ********   *** removed from Debug\stm8s_tim3.o ***
_TIM3_ClearITPendingBit             ********   *** removed from Debug\stm8s_tim3.o ***
_TIM3_Cmd                           ********   *** removed from Debug\stm8s_tim3.o ***
_TIM3_DeInit                        ********   *** removed from Debug\stm8s_tim3.o ***
_TIM3_ForcedOC1Config               ********   *** removed from Debug\stm8s_tim3.o ***
_TIM3_ForcedOC2Config               ********   *** removed from Debug\stm8s_tim3.o ***
_TIM3_GenerateEvent                 ********   *** removed from Debug\stm8s_tim3.o ***
_TIM3_GetCapture1                   ********   *** removed from Debug\stm8s_tim3.o ***
_TIM3_GetCapture2                   ********   *** removed from Debug\stm8s_tim3.o ***
_TIM3_GetCounter                    ********   *** removed from Debug\stm8s_tim3.o ***
_TIM3_GetFlagStatus                 ********   *** removed from Debug\stm8s_tim3.o ***
_TIM3_GetITStatus                   ********   *** removed from Debug\stm8s_tim3.o ***
_TIM3_GetPrescaler                  ********   *** removed from Debug\stm8s_tim3.o ***
_TIM3_ICInit                        ********   *** removed from Debug\stm8s_tim3.o ***
_TIM3_ITConfig                      ********   *** removed from Debug\stm8s_tim3.o ***
_TIM3_OC1Init                       ********   *** removed from Debug\stm8s_tim3.o ***
_TIM3_OC1PolarityConfig             ********   *** removed from Debug\stm8s_tim3.o ***
_TIM3_OC1PreloadConfig              ********   *** removed from Debug\stm8s_tim3.o ***
_TIM3_OC2Init                       ********   *** removed from Debug\stm8s_tim3.o ***
_TIM3_OC2PolarityConfig             ********   *** removed from Debug\stm8s_tim3.o ***
_TIM3_OC2PreloadConfig              ********   *** removed from Debug\stm8s_tim3.o ***
_TIM3_PWMIConfig                    ********   *** removed from Debug\stm8s_tim3.o ***
_TIM3_PrescalerConfig               ********   *** removed from Debug\stm8s_tim3.o ***
_TIM3_SelectOCxM                    ********   *** removed from Debug\stm8s_tim3.o ***
_TIM3_SelectOnePulseMode            ********   *** removed from Debug\stm8s_tim3.o ***
_TIM3_SetAutoreload                 ********   *** removed from Debug\stm8s_tim3.o ***
_TIM3_SetCompare1                   ********   *** removed from Debug\stm8s_tim3.o ***
_TIM3_SetCompare2                   ********   *** removed from Debug\stm8s_tim3.o ***
_TIM3_SetCounter                    ********   *** removed from Debug\stm8s_tim3.o ***
_TIM3_SetIC1Prescaler               ********   *** removed from Debug\stm8s_tim3.o ***
_TIM3_SetIC2Prescaler               ********   *** removed from Debug\stm8s_tim3.o ***
_TIM3_TimeBaseInit                  ********   *** removed from Debug\stm8s_tim3.o ***
_TIM3_UpdateDisableConfig           ********   *** removed from Debug\stm8s_tim3.o ***
_TIM3_UpdateRequestConfig           ********   *** removed from Debug\stm8s_tim3.o ***
_TIM4_ARRPreloadConfig              000094d2   defined in Debug\stm8s_tim4.o section .text
_TIM4_ClearFlag                     00009558   defined in Debug\stm8s_tim4.o section .text
                                               used in Debug\milis.o
_TIM4_ClearITPendingBit             000095b4   defined in Debug\stm8s_tim4.o section .text
_TIM4_Cmd                           0000936d   defined in Debug\stm8s_tim4.o section .text
                                               used in Debug\milis.o
_TIM4_DeInit                        0000930d   defined in Debug\stm8s_tim4.o section .text
_TIM4_GenerateEvent                 000094fd   defined in Debug\stm8s_tim4.o section .text
_TIM4_GetCounter                    00009524   defined in Debug\stm8s_tim4.o section .text
_TIM4_GetFlagStatus                 0000952c   defined in Debug\stm8s_tim4.o section .text
_TIM4_GetITStatus                   00009578   defined in Debug\stm8s_tim4.o section .text
_TIM4_GetPrescaler                  00009528   defined in Debug\stm8s_tim4.o section .text
_TIM4_ITConfig                      00009398   defined in Debug\stm8s_tim4.o section .text
                                               used in Debug\milis.o
_TIM4_PrescalerConfig               00009468   defined in Debug\stm8s_tim4.o section .text
_TIM4_SelectOnePulseMode            0000943d   defined in Debug\stm8s_tim4.o section .text
_TIM4_SetAutoreload                 00009520   defined in Debug\stm8s_tim4.o section .text
_TIM4_SetCounter                    0000951c   defined in Debug\stm8s_tim4.o section .text
_TIM4_TimeBaseInit                  00009326   defined in Debug\stm8s_tim4.o section .text
                                               used in Debug\milis.o
_TIM4_UpdateDisableConfig           000093e7   defined in Debug\stm8s_tim4.o section .text
_TIM4_UpdateRequestConfig           00009412   defined in Debug\stm8s_tim4.o section .text
_UART1_ClearFlag                    ********   *** removed from Debug\stm8s_uart1.o ***
_UART1_ClearITPendingBit            ********   *** removed from Debug\stm8s_uart1.o ***
_UART1_Cmd                          ********   *** removed from Debug\stm8s_uart1.o ***
_UART1_DeInit                       ********   *** removed from Debug\stm8s_uart1.o ***
_UART1_GetFlagStatus                ********   *** removed from Debug\stm8s_uart1.o ***
_UART1_GetITStatus                  ********   *** removed from Debug\stm8s_uart1.o ***
_UART1_HalfDuplexCmd                ********   *** removed from Debug\stm8s_uart1.o ***
_UART1_ITConfig                     ********   *** removed from Debug\stm8s_uart1.o ***
_UART1_Init                         ********   *** removed from Debug\stm8s_uart1.o ***
_UART1_IrDACmd                      ********   *** removed from Debug\stm8s_uart1.o ***
_UART1_IrDAConfig                   ********   *** removed from Debug\stm8s_uart1.o ***
_UART1_LINBreakDetectionConfig      ********   *** removed from Debug\stm8s_uart1.o ***
_UART1_LINCmd                       ********   *** removed from Debug\stm8s_uart1.o ***
_UART1_ReceiveData8                 ********   *** removed from Debug\stm8s_uart1.o ***
_UART1_ReceiveData9                 ********   *** removed from Debug\stm8s_uart1.o ***
_UART1_ReceiverWakeUpCmd            ********   *** removed from Debug\stm8s_uart1.o ***
_UART1_SendBreak                    ********   *** removed from Debug\stm8s_uart1.o ***
_UART1_SendData8                    ********   *** removed from Debug\stm8s_uart1.o ***
_UART1_SendData9                    ********   *** removed from Debug\stm8s_uart1.o ***
_UART1_SetAddress                   ********   *** removed from Debug\stm8s_uart1.o ***
_UART1_SetGuardTime                 ********   *** removed from Debug\stm8s_uart1.o ***
_UART1_SetPrescaler                 ********   *** removed from Debug\stm8s_uart1.o ***
_UART1_SmartCardCmd                 ********   *** removed from Debug\stm8s_uart1.o ***
_UART1_SmartCardNACKCmd             ********   *** removed from Debug\stm8s_uart1.o ***
_UART1_WakeUpConfig                 ********   *** removed from Debug\stm8s_uart1.o ***
_UART3_ClearFlag                    ********   *** removed from Debug\stm8s_uart3.o ***
_UART3_ClearITPendingBit            ********   *** removed from Debug\stm8s_uart3.o ***
_UART3_Cmd                          ********   *** removed from Debug\stm8s_uart3.o ***
_UART3_DeInit                       ********   *** removed from Debug\stm8s_uart3.o ***
_UART3_GetFlagStatus                ********   *** removed from Debug\stm8s_uart3.o ***
_UART3_GetITStatus                  ********   *** removed from Debug\stm8s_uart3.o ***
_UART3_ITConfig                     ********   *** removed from Debug\stm8s_uart3.o ***
_UART3_Init                         ********   *** removed from Debug\stm8s_uart3.o ***
_UART3_LINBreakDetectionConfig      ********   *** removed from Debug\stm8s_uart3.o ***
_UART3_LINCmd                       ********   *** removed from Debug\stm8s_uart3.o ***
_UART3_LINConfig                    ********   *** removed from Debug\stm8s_uart3.o ***
_UART3_ReceiveData8                 ********   *** removed from Debug\stm8s_uart3.o ***
_UART3_ReceiveData9                 ********   *** removed from Debug\stm8s_uart3.o ***
_UART3_ReceiverWakeUpCmd            ********   *** removed from Debug\stm8s_uart3.o ***
_UART3_SendBreak                    ********   *** removed from Debug\stm8s_uart3.o ***
_UART3_SendData8                    ********   *** removed from Debug\stm8s_uart3.o ***
_UART3_SendData9                    ********   *** removed from Debug\stm8s_uart3.o ***
_UART3_SetAddress                   ********   *** removed from Debug\stm8s_uart3.o ***
_UART3_WakeUpConfig                 ********   *** removed from Debug\stm8s_uart3.o ***
_WWDG_GetCounter                    ********   *** removed from Debug\stm8s_wwdg.o ***
_WWDG_Init                          ********   *** removed from Debug\stm8s_wwdg.o ***
_WWDG_SWReset                       ********   *** removed from Debug\stm8s_wwdg.o ***
_WWDG_SetCounter                    ********   *** removed from Debug\stm8s_wwdg.o ***
_WWDG_SetWindowValue                ********   *** removed from Debug\stm8s_wwdg.o ***
__DLC                               ********   *** removed from Debug\stm8s_can.o ***
__Data                              ********   *** removed from Debug\stm8s_can.o ***
__FMI                               ********   *** removed from Debug\stm8s_can.o ***
__IDE                               ********   *** removed from Debug\stm8s_can.o ***
__Id                                ********   *** removed from Debug\stm8s_can.o ***
__RTR                               ********   *** removed from Debug\stm8s_can.o ***
__endmem                            000013ff   defined in command file
                                               *** not used ***
__endzp                             00000010   defined in command file section .ubsct
                                               used in C:\Program Files (x86)\COSMIC\FSE_Compilers\CXSTM8\lib\crtsi0.sm8
__idesc__                           000081bb   defined in linker section .init
                                               used in C:\Program Files (x86)\COSMIC\FSE_Compilers\CXSTM8\lib\crtsi0.sm8
__memory                            00000100   defined in command file section .bss
                                               used in C:\Program Files (x86)\COSMIC\FSE_Compilers\CXSTM8\lib\crtsi0.sm8
__stack                             000017ff   defined in command file
                                               used in C:\Program Files (x86)\COSMIC\FSE_Compilers\CXSTM8\lib\crtsi0.sm8
__startmem                          00000100   defined in command file section .bss
                                               *** not used ***
__stext                             000081c5   defined in C:\Program Files (x86)\COSMIC\FSE_Compilers\CXSTM8\lib\crtsi0.sm8 section .text
                                               used in Debug\stm8_interrupt_vector.o
__vectab                            00008000   defined in Debug\stm8_interrupt_vector.o section .const
_assert_failed                      00009ec2   defined in Debug\main.o section .text
                                               used in Debug\stm8s_adc2.o
                                                       Debug\stm8s_awu.o
                                                       Debug\stm8s_beep.o
                                                       Debug\stm8s_can.o
                                                       Debug\stm8s_clk.o
                                                       Debug\stm8s_exti.o
                                                       Debug\stm8s_flash.o
                                                       Debug\stm8s_gpio.o
                                                       Debug\stm8s_i2c.o
                                                       Debug\stm8s_itc.o
                                                       Debug\stm8s_iwdg.o
                                                       Debug\stm8s_rst.o
                                                       Debug\stm8s_spi.o
                                                       Debug\stm8s_tim1.o
                                                       Debug\stm8s_tim2.o
                                                       Debug\stm8s_tim3.o
                                                       Debug\stm8s_tim4.o
                                                       Debug\stm8s_uart1.o
                                                       Debug\stm8s_uart3.o
                                                       Debug\stm8s_wwdg.o
_beepAndBlink                       00009988   defined in Debug\main.o section .text
_beepFail                           00009a4d   defined in Debug\main.o section .text
_beepSuccess                        000099f5   defined in Debug\main.o section .text
_beepTone                           0000990a   defined in Debug\main.o section .text
_blinkDisplay                       00009b39   defined in Debug\main.o section .text
_blinkLED                           00009b88   defined in Debug\main.o section .text
_buzzerInit                         000098f5   defined in Debug\main.o section .text
_comparePIN                         00009b10   defined in Debug\main.o section .text
_defaultPIN                         00008195   defined in Debug\main.o section .const
_delay_ms                           0000822b   defined in Debug\milis.o section .text
                                               used in Debug\main.o
_delay_us                           000096b8   defined in Debug\main.o section .text
_digitToSegment                     00008199   defined in Debug\main.o section .const
_exit                               00008213   defined in C:\Program Files (x86)\COSMIC\FSE_Compilers\CXSTM8\lib\crtsi0.sm8 section .text
_factoryResetPIN                    00009b7a   defined in Debug\main.o section .text
_getKey                             0000970f   defined in Debug\main.o section .text
_initKeypad                         000096d7   defined in Debug\main.o section .text
_init_milis                         00008247   defined in Debug\milis.o section .text
                                               used in Debug\main.o
_loadPINfromEEPROM                  00009a7b   defined in Debug\main.o section .text
_logoutSignal                       00009be2   defined in Debug\main.o section .text
_main                               00009c62   defined in Debug\main.o section .text
                                               used in C:\Program Files (x86)\COSMIC\FSE_Compilers\CXSTM8\lib\crtsi0.sm8
_milis                              00008215   defined in Debug\milis.o section .text
                                               used in Debug\main.o
_miliseconds                        00000000   defined in Debug\milis.o section .bsct, initialized
_savePINtoEEPROM                    00009adc   defined in Debug\main.o section .text
_setCLK                             000095ec   defined in Debug\main.o section .text
_setDIO                             000095d4   defined in Debug\main.o section .text
_storedPIN                          00000002   defined in Debug\main.o section .ubsct
_swspi_init                         ********   *** removed from Debug\swspi.o ***
_swspi_tx16                         ********   *** removed from Debug\swspi.o ***
_tm_displayCharacter                00009692   defined in Debug\main.o section .text
_tm_start                           00009604   defined in Debug\main.o section .text
_tm_stop                            0000961f   defined in Debug\main.o section .text
_tm_writeByte                       0000963f   defined in Debug\main.o section .text
c_bmulx                             00009ec4   defined in (C:\Program Files (x86)\COSMIC\FSE_Compilers\CXSTM8\lib\libm0.sm8)bmulx.o section .text
                                               used in Debug\main.o
c_cmulx                             00009ed2   defined in (C:\Program Files (x86)\COSMIC\FSE_Compilers\CXSTM8\lib\libm0.sm8)cmulx.o section .text
                                               used in Debug\stm8s_flash.o
c_divsl                             00009f3d   defined in (C:\Program Files (x86)\COSMIC\FSE_Compilers\CXSTM8\lib\libm0.sm8)ldiv.o section .text
                                               used in (C:\Program Files (x86)\COSMIC\FSE_Compilers\CXSTM8\lib\libm0.sm8)lsdiv.o
c_divul                             00009f54   defined in (C:\Program Files (x86)\COSMIC\FSE_Compilers\CXSTM8\lib\libm0.sm8)ldiv.o section .text
                                               used in (C:\Program Files (x86)\COSMIC\FSE_Compilers\CXSTM8\lib\libm0.sm8)ludiv.o
c_imul                              ********   *** removed from (C:\Program Files (x86)\COSMIC\FSE_Compilers\CXSTM8\lib\libm0.sm8)imul.o ***
c_ladd                              00009ee6   defined in (C:\Program Files (x86)\COSMIC\FSE_Compilers\CXSTM8\lib\libm0.sm8)ladd.o section .text
                                               used in Debug\stm8s_flash.o
c_lcmp                              00009efe   defined in (C:\Program Files (x86)\COSMIC\FSE_Compilers\CXSTM8\lib\libm0.sm8)lcmp.o section .text
                                               used in Debug\stm8s_awu.o
                                                       Debug\stm8s_beep.o
                                                       Debug\stm8s_can.o
                                                       Debug\stm8s_flash.o
                                                       Debug\stm8s_i2c.o
                                                       Debug\stm8s_uart1.o
                                                       Debug\stm8s_uart3.o
                                                       Debug\main.o
c_ldiv                              00009f1e   defined in (C:\Program Files (x86)\COSMIC\FSE_Compilers\CXSTM8\lib\libm0.sm8)lsdiv.o section .text
                                               used in Debug\main.o
c_lgadc                             0000a028   defined in (C:\Program Files (x86)\COSMIC\FSE_Compilers\CXSTM8\lib\libm0.sm8)lgadc.o section .text
                                               used in Debug\main.o
c_lgadd                             0000a038   defined in (C:\Program Files (x86)\COSMIC\FSE_Compilers\CXSTM8\lib\libm0.sm8)lgadd.o section .text
                                               used in Debug\stm8s_flash.o
c_lgneg                             0000a04f   defined in (C:\Program Files (x86)\COSMIC\FSE_Compilers\CXSTM8\lib\libm0.sm8)lgneg.o section .text
                                               used in (C:\Program Files (x86)\COSMIC\FSE_Compilers\CXSTM8\lib\libm0.sm8)ldiv.o
c_lgursh                            ********   *** removed from (C:\Program Files (x86)\COSMIC\FSE_Compilers\CXSTM8\lib\libm0.sm8)lgursh.o ***
c_llsh                              ********   *** removed from (C:\Program Files (x86)\COSMIC\FSE_Compilers\CXSTM8\lib\libm0.sm8)llsh.o ***
c_lmul                              ********   *** removed from (C:\Program Files (x86)\COSMIC\FSE_Compilers\CXSTM8\lib\libm0.sm8)lmul.o ***
c_lmulc                             ********   *** removed from (C:\Program Files (x86)\COSMIC\FSE_Compilers\CXSTM8\lib\libm0.sm8)lmul.o ***
c_lneg                              0000a062   defined in (C:\Program Files (x86)\COSMIC\FSE_Compilers\CXSTM8\lib\libm0.sm8)lneg.o section .text
                                               used in (C:\Program Files (x86)\COSMIC\FSE_Compilers\CXSTM8\lib\libm0.sm8)lsdiv.o
                                                       (C:\Program Files (x86)\COSMIC\FSE_Compilers\CXSTM8\lib\libm0.sm8)ldiv.o
c_lor                               ********   *** removed from (C:\Program Files (x86)\COSMIC\FSE_Compilers\CXSTM8\lib\libm0.sm8)lor.o ***
c_lreg                              00000006   defined in (C:\Program Files (x86)\COSMIC\FSE_Compilers\CXSTM8\lib\libm0.sm8)lreg.o section .ubsct
                                               used in Debug\stm8s_awu.o
                                                       Debug\stm8s_beep.o
                                                       Debug\stm8s_can.o
                                                       Debug\stm8s_clk.o
                                                       Debug\stm8s_flash.o
                                                       Debug\stm8s_i2c.o
                                                       Debug\stm8s_uart1.o
                                                       Debug\stm8s_uart3.o
                                                       Debug\main.o
                                                       (C:\Program Files (x86)\COSMIC\FSE_Compilers\CXSTM8\lib\libm0.sm8)cmulx.o
                                                       (C:\Program Files (x86)\COSMIC\FSE_Compilers\CXSTM8\lib\libm0.sm8)ladd.o
                                                       (C:\Program Files (x86)\COSMIC\FSE_Compilers\CXSTM8\lib\libm0.sm8)lcmp.o
                                                       (C:\Program Files (x86)\COSMIC\FSE_Compilers\CXSTM8\lib\libm0.sm8)ldiv.o
                                                       (C:\Program Files (x86)\COSMIC\FSE_Compilers\CXSTM8\lib\libm0.sm8)lgadd.o
                                                       (C:\Program Files (x86)\COSMIC\FSE_Compilers\CXSTM8\lib\libm0.sm8)llsh.o
                                                       (C:\Program Files (x86)\COSMIC\FSE_Compilers\CXSTM8\lib\libm0.sm8)lmul.o
                                                       (C:\Program Files (x86)\COSMIC\FSE_Compilers\CXSTM8\lib\libm0.sm8)lneg.o
                                                       (C:\Program Files (x86)\COSMIC\FSE_Compilers\CXSTM8\lib\libm0.sm8)lor.o
                                                       (C:\Program Files (x86)\COSMIC\FSE_Compilers\CXSTM8\lib\libm0.sm8)lsub.o
                                                       (C:\Program Files (x86)\COSMIC\FSE_Compilers\CXSTM8\lib\libm0.sm8)ltor.o
                                                       (C:\Program Files (x86)\COSMIC\FSE_Compilers\CXSTM8\lib\libm0.sm8)lursh.o
                                                       (C:\Program Files (x86)\COSMIC\FSE_Compilers\CXSTM8\lib\libm0.sm8)rtol.o
                                                       (C:\Program Files (x86)\COSMIC\FSE_Compilers\CXSTM8\lib\libm0.sm8)smul.o
                                                       (C:\Program Files (x86)\COSMIC\FSE_Compilers\CXSTM8\lib\libm0.sm8)utol.o
                                                       (C:\Program Files (x86)\COSMIC\FSE_Compilers\CXSTM8\lib\libm0.sm8)utolx.o
                                                       (C:\Program Files (x86)\COSMIC\FSE_Compilers\CXSTM8\lib\libm0.sm8)umul.o
c_lsub                              0000a077   defined in (C:\Program Files (x86)\COSMIC\FSE_Compilers\CXSTM8\lib\libm0.sm8)lsub.o section .text
                                               used in Debug\stm8s_uart1.o
                                                       Debug\stm8s_uart3.o
                                                       Debug\main.o
c_ltor                              0000a08f   defined in (C:\Program Files (x86)\COSMIC\FSE_Compilers\CXSTM8\lib\libm0.sm8)ltor.o section .text
                                               used in Debug\stm8s_awu.o
                                                       Debug\stm8s_beep.o
                                                       Debug\stm8s_can.o
                                                       Debug\stm8s_clk.o
                                                       Debug\stm8s_flash.o
                                                       Debug\stm8s_i2c.o
                                                       Debug\stm8s_uart1.o
                                                       Debug\stm8s_uart3.o
                                                       Debug\main.o
c_ludv                              0000a0a1   defined in (C:\Program Files (x86)\COSMIC\FSE_Compilers\CXSTM8\lib\libm0.sm8)ludiv.o section .text
                                               used in Debug\stm8s_awu.o
                                                       Debug\stm8s_beep.o
                                                       Debug\stm8s_clk.o
                                                       Debug\stm8s_i2c.o
                                                       Debug\stm8s_uart1.o
                                                       Debug\stm8s_uart3.o
                                                       Debug\main.o
c_lursh                             ********   *** removed from (C:\Program Files (x86)\COSMIC\FSE_Compilers\CXSTM8\lib\libm0.sm8)lursh.o ***
c_lzmp                              ********   *** removed from (C:\Program Files (x86)\COSMIC\FSE_Compilers\CXSTM8\lib\libm0.sm8)lzmp.o ***
c_rtol                              0000a0b5   defined in (C:\Program Files (x86)\COSMIC\FSE_Compilers\CXSTM8\lib\libm0.sm8)rtol.o section .text
                                               used in Debug\stm8s_can.o
                                                       Debug\stm8s_clk.o
                                                       Debug\stm8s_flash.o
                                                       Debug\stm8s_i2c.o
                                                       Debug\stm8s_uart1.o
                                                       Debug\stm8s_uart3.o
                                                       Debug\main.o
c_sdivx                             ********   *** removed from (C:\Program Files (x86)\COSMIC\FSE_Compilers\CXSTM8\lib\libm0.sm8)sdivx.o ***
c_smodx                             ********   *** removed from (C:\Program Files (x86)\COSMIC\FSE_Compilers\CXSTM8\lib\libm0.sm8)sdivx.o ***
c_smul                              ********   *** removed from (C:\Program Files (x86)\COSMIC\FSE_Compilers\CXSTM8\lib\libm0.sm8)smul.o ***
c_uitol                             ********   *** removed from (C:\Program Files (x86)\COSMIC\FSE_Compilers\CXSTM8\lib\libm0.sm8)utol.o ***
c_uitolx                            0000a0c7   defined in (C:\Program Files (x86)\COSMIC\FSE_Compilers\CXSTM8\lib\libm0.sm8)utolx.o section .text
                                               used in Debug\stm8s_can.o
                                                       Debug\main.o
c_umul                              0000a0ce   defined in (C:\Program Files (x86)\COSMIC\FSE_Compilers\CXSTM8\lib\libm0.sm8)umul.o section .text
                                               used in Debug\stm8s_can.o
                                                       Debug\stm8s_flash.o
                                                       Debug\main.o
c_x                                 0000000a   defined in (C:\Program Files (x86)\COSMIC\FSE_Compilers\CXSTM8\lib\libm0.sm8)xreg.o section .ubsct
                                               used in C:\Program Files (x86)\COSMIC\FSE_Compilers\CXSTM8\lib\crtsi0.sm8
                                                       Debug\milis.o
                                                       Debug\stm8s_awu.o
                                                       Debug\stm8s_beep.o
                                                       Debug\stm8s_flash.o
                                                       (C:\Program Files (x86)\COSMIC\FSE_Compilers\CXSTM8\lib\libm0.sm8)bmulx.o
                                                       (C:\Program Files (x86)\COSMIC\FSE_Compilers\CXSTM8\lib\libm0.sm8)imul.o
                                                       (C:\Program Files (x86)\COSMIC\FSE_Compilers\CXSTM8\lib\libm0.sm8)lsdiv.o
                                                       (C:\Program Files (x86)\COSMIC\FSE_Compilers\CXSTM8\lib\libm0.sm8)ldiv.o
                                                       (C:\Program Files (x86)\COSMIC\FSE_Compilers\CXSTM8\lib\libm0.sm8)lmul.o
                                                       (C:\Program Files (x86)\COSMIC\FSE_Compilers\CXSTM8\lib\libm0.sm8)sdivx.o
                                                       (C:\Program Files (x86)\COSMIC\FSE_Compilers\CXSTM8\lib\libm0.sm8)umul.o
                                                       (C:\Program Files (x86)\COSMIC\FSE_Compilers\CXSTM8\lib\libm0.sm8)xymov.o
c_xymov                             0000a10a   defined in (C:\Program Files (x86)\COSMIC\FSE_Compilers\CXSTM8\lib\libm0.sm8)xymov.o section .text
                                               used in Debug\main.o
c_y                                 0000000d   defined in (C:\Program Files (x86)\COSMIC\FSE_Compilers\CXSTM8\lib\libm0.sm8)yreg.o section .ubsct
                                               used in C:\Program Files (x86)\COSMIC\FSE_Compilers\CXSTM8\lib\crtsi0.sm8
                                                       Debug\milis.o
                                                       (C:\Program Files (x86)\COSMIC\FSE_Compilers\CXSTM8\lib\libm0.sm8)umul.o
f_ADC2_IRQHandler                   00009142   defined in Debug\stm8s_it.o section .text
                                               used in Debug\stm8_interrupt_vector.o
f_AWU_IRQHandler                    0000912d   defined in Debug\stm8s_it.o section .text
                                               used in Debug\stm8_interrupt_vector.o
f_CAN_RX_IRQHandler                 00009134   defined in Debug\stm8s_it.o section .text
                                               used in Debug\stm8_interrupt_vector.o
f_CAN_TX_IRQHandler                 00009135   defined in Debug\stm8s_it.o section .text
                                               used in Debug\stm8_interrupt_vector.o
f_CLK_IRQHandler                    0000912e   defined in Debug\stm8s_it.o section .text
                                               used in Debug\stm8_interrupt_vector.o
f_EEPROM_EEC_IRQHandler             00009143   defined in Debug\stm8s_it.o section .text
                                               used in Debug\stm8_interrupt_vector.o
f_EXTI_PORTA_IRQHandler             0000912f   defined in Debug\stm8s_it.o section .text
                                               used in Debug\stm8_interrupt_vector.o
f_EXTI_PORTB_IRQHandler             00009130   defined in Debug\stm8s_it.o section .text
                                               used in Debug\stm8_interrupt_vector.o
f_EXTI_PORTC_IRQHandler             00009131   defined in Debug\stm8s_it.o section .text
                                               used in Debug\stm8_interrupt_vector.o
f_EXTI_PORTD_IRQHandler             00009132   defined in Debug\stm8s_it.o section .text
                                               used in Debug\stm8_interrupt_vector.o
f_EXTI_PORTE_IRQHandler             00009133   defined in Debug\stm8s_it.o section .text
                                               used in Debug\stm8_interrupt_vector.o
f_I2C_IRQHandler                    0000913f   defined in Debug\stm8s_it.o section .text
                                               used in Debug\stm8_interrupt_vector.o
f_NonHandledInterrupt               0000912a   defined in Debug\stm8s_it.o section .text
                                               used in Debug\stm8_interrupt_vector.o
f_SPI_IRQHandler                    00009136   defined in Debug\stm8s_it.o section .text
                                               used in Debug\stm8_interrupt_vector.o
f_TIM1_CAP_COM_IRQHandler           00009138   defined in Debug\stm8s_it.o section .text
                                               used in Debug\stm8_interrupt_vector.o
f_TIM1_UPD_OVF_TRG_BRK_IRQHandler   00009137   defined in Debug\stm8s_it.o section .text
                                               used in Debug\stm8_interrupt_vector.o
f_TIM2_CAP_COM_IRQHandler           0000913a   defined in Debug\stm8s_it.o section .text
                                               used in Debug\stm8_interrupt_vector.o
f_TIM2_UPD_OVF_BRK_IRQHandler       00009139   defined in Debug\stm8s_it.o section .text
                                               used in Debug\stm8_interrupt_vector.o
f_TIM3_CAP_COM_IRQHandler           0000913c   defined in Debug\stm8s_it.o section .text
                                               used in Debug\stm8_interrupt_vector.o
f_TIM3_UPD_OVF_BRK_IRQHandler       0000913b   defined in Debug\stm8s_it.o section .text
                                               used in Debug\stm8_interrupt_vector.o
f_TIM4_UPD_OVF_IRQHandler           00008265   defined in Debug\milis.o section .text
                                               used in Debug\stm8_interrupt_vector.o
f_TLI_IRQHandler                    0000912c   defined in Debug\stm8s_it.o section .text
                                               used in Debug\stm8_interrupt_vector.o
f_TRAP_IRQHandler                   0000912b   defined in Debug\stm8s_it.o section .text
                                               used in Debug\stm8_interrupt_vector.o
f_UART1_RX_IRQHandler               0000913e   defined in Debug\stm8s_it.o section .text
                                               used in Debug\stm8_interrupt_vector.o
f_UART1_TX_IRQHandler               0000913d   defined in Debug\stm8s_it.o section .text
                                               used in Debug\stm8_interrupt_vector.o
f_UART3_RX_IRQHandler               00009141   defined in Debug\stm8s_it.o section .text
                                               used in Debug\stm8_interrupt_vector.o
f_UART3_TX_IRQHandler               00009140   defined in Debug\stm8s_it.o section .text
                                               used in Debug\stm8_interrupt_vector.o
